// Jest Snapshot v1, https://goo.gl/fbAQLP

exports[`renders CustomButton component 1`] = `ShallowWrapper {}`;
