// Jest Snapshot v1, https://goo.gl/fbAQLP

exports[`renders SignInAndSignUpPage component 1`] = `ShallowWrapper {}`;
